namespace TestNamespace
{
    class TestClass
    {
        public void TestMethod()
        {
        }
    }
}
